
> rossi-croisette@1.0.0 build
> tsc && vite build

[36mvite v5.4.21 [32mbuilding for production...[36m[39m
transforming...
[32mΓ£ô[39m 51 modules transformed.
rendering chunks...
computing gzip size...
[2mdist/[22m[32mproperties.html                  [39m[1m[2m  7.26 kB[22m[1m[22m[2m Γöé gzip:  2.25 kB[22m
[2mdist/[22m[32madmin.html                       [39m[1m[2m  7.44 kB[22m[1m[22m[2m Γöé gzip:  1.88 kB[22m
[2mdist/[22m[32mindex.html                       [39m[1m[2m 29.93 kB[22m[1m[22m[2m Γöé gzip:  7.55 kB[22m
[2mdist/[22m[32massets/brigitte-v2-DiQ9T8LA.jpg  [39m[1m[2m179.19 kB[22m[1m[22m
[2mdist/[22m[32massets/property1-DTXmavlV.png    [39m[1m[2m727.46 kB[22m[1m[22m
[2mdist/[22m[32massets/villa-DcLuZYzp.png        [39m[1m[2m924.72 kB[22m[1m[22m
[2mdist/[22m[32massets/hero-BnhPAglU.png         [39m[1m[2m995.37 kB[22m[1m[22m
[2mdist/[22m[35massets/admin-D_YVNJo2.css        [39m[1m[2m  4.30 kB[22m[1m[22m[2m Γöé gzip:  1.25 kB[22m
[2mdist/[22m[35massets/properties-AbMK1H4L.css   [39m[1m[2m  7.09 kB[22m[1m[22m[2m Γöé gzip:  2.05 kB[22m
[2mdist/[22m[35massets/style-1geJXkPV.css        [39m[1m[2m 22.78 kB[22m[1m[22m[2m Γöé gzip:  5.03 kB[22m
[2mdist/[22m[36massets/properties-Cg2YCOfg.js    [39m[1m[2m  2.50 kB[22m[1m[22m[2m Γöé gzip:  1.15 kB[22m
[2mdist/[22m[36massets/main-7tcviAlt.js          [39m[1m[2m  3.41 kB[22m[1m[22m[2m Γöé gzip:  1.38 kB[22m
[2mdist/[22m[36massets/admin-rPuvstTz.js         [39m[1m[2m  6.44 kB[22m[1m[22m[2m Γöé gzip:  1.85 kB[22m
[2mdist/[22m[36massets/supabase-CsOZGM-w.js      [39m[1m[2m197.59 kB[22m[1m[22m[2m Γöé gzip: 52.30 kB[22m
[32mΓ£ô built in 383ms[39m
